4
1
Carte1
Autor1
2001
Aceasta este cartea1
2
Carte2
Autor2
2002
Aceasta este cartea2
3
Carte3
Autor3
2003
Aceasta este cartea3
4
Carte4
Autor4
2004
Aceasta este cartea4
