2
Carte2
Autor2
2002
Aceasta este cartea2

2
Carte2
Autor2
2002
Aceasta are cartea2

4
Carte4
Autor2
2004
Aceasta este cartea4

4
1
Carte1
Autor1
2001
Aceasta are cartea1
2
Carte2
Autor2
2002
Aceasta are cartea2
3
Carte3
Autor3
2003
Aceasta are cartea3
4
Carte4
Autor2
2004
Aceasta este cartea4
