1 17 35 47 65 
3 19 36 49 66 
6 23 # 52 67 
9 28 39 55 71 
14 29 43 57 61 
6 16 33 51 66 
8 25 36 53 71 
9 26 # 54 72 
14 27 40 55 73 
15 29 45 59 61 
7 18 32 48 72 
# 20 37 51 69 
11 23 # 54 68 
12 27 44 57 66 
15 29 45 59 62 
6 16 33 51 73 
8 25 36 53 72 
# 26 # 54 71 
# 27 40 55 66 
15 29 45 59 61 
4 17 32 51 74 
7 18 # 52 73 
12 # # 55 66 
13 27 45 # 65 
# 29 # 59 61 
1 71 35 47 17 
3 67 36 # 19 
6 66 # 52 23 
# 65 39 55 28 
# 61 43 57 29 
6 61 # 54 16 
# 66 36 55 25 
# 71 # 59 26 
# 72 40 51 27 
15 73 45 # 29 
2 62 32 57 19 
# 68 35 # # 
# # # 59 # 
10 71 44 47 26 
11 74 45 # 27 
1 # # 67 # 
2 57 35 # 18 
7 54 # 71 19 
# # 40 74 26 
12 50 43 # 28 
19 47 32 62 2 
# # 35 68 # 
# 57 # # # 
26 # 44 71 10 
27 59 45 74 11 
26 # 35 67 # 
19 57 # # 12 
18 54 40 71 1 
# # 43 74 2 
# 50 # # 7 
7
26 # 43 67 # 
19 57 40 # 12 
18 54 # 71 1 
# # 35 74 2 
# 50 # # 7 
10
