1 17 35 47 65 
3 19 36 49 66 
6 23 # 52 67 
9 28 39 55 71 
14 29 43 57 61 
4 17 32 51 65 
7 18 33 52 66 
12 # # 55 73 
13 27 45 58 74 
14 29 31 59 61 
1 17 35 47 71 
3 19 36 49 67 
6 23 # 52 66 
# 28 39 55 65 
14 29 43 57 61 
6 16 33 51 73 
8 25 36 53 72 
# 26 # 54 71 
# 27 40 55 66 
15 29 45 59 61 
7
# 17 34 50 # 
# 18 35 # 74 
# 19 # 54 71 
# # 40 57 # 
# # # # # 
30
