1 17 35 47 65 
3 19 36 49 66 
6 23 # 52 67 
9 28 39 55 71 
14 29 43 57 61 
1 20 33 47 65 
5 22 35 49 66 
7 26 # 50 69 
8 27 38 56 73 
9 29 41 60 74 
5 16 32 48 # 
6 22 36 53 74 
7 24 # 57 68 
8 28 39 58 67 
10 29 44 60 62 
7 16 32 47 72 
8 # 37 49 71 
13 23 # 52 # 
# 28 41 53 67 
15 29 45 59 62 
4 19 # # 74 
# 24 37 50 73 
6 26 # 51 67 
# 28 41 55 63 
# 29 43 60 61 
# # 32 48 16 
6 74 36 # # 
7 68 # 57 24 
# 67 39 # 28 
10 62 44 60 29 
86
1 72 # 52 19 
4 71 39 # 20 
# # # # # 
13 63 43 48 24 
# 61 44 # 27 
10
