2 33 46 17 64 
9 35 47 20 65 
11 # 57 22 73 
12 37 # 26 74 
14 38 60 29 75 
NO WINNER
