3 19 33 49 67 
6 21 35 56 69 
9 23 # 57 70 
13 27 43 59 72 
14 28 45 47 63 
19 3 33 49 67 
21 6 35 56 69 
23 9 # 57 70 
27 13 43 # 72 
28 14 45 47 63 
19 33 3 49 67 
21 35 6 56 69 
23 # 9 57 70 
27 43 13 # 72 
28 45 14 47 63 
19 33 # 49 67 
21 35 6 56 69 
23 # 9 57 70 
27 43 # # 72 
28 45 # 47 63 
NO WINNER
