15 26 46 34 65 
# 16 50 38 66 
6 19 51 # 68 
13 20 54 43 70 
14 23 57 45 61 
# # 34 46 26 
66 6 38 50 16 
68 13 # 51 19 
70 14 43 54 20 
61 15 45 57 23 
# # 34 46 26 
66 6 38 50 16 
68 13 # 51 # 
70 14 43 # 20 
61 15 45 57 23 
NO WINNER
