21 1 32 59 65 
26 7 38 51 67 
29 8 # 50 71 
30 9 41 49 # 
19 # 44 47 63 
18 32 1 # 61 
22 35 3 57 62 
25 # 4 56 68 
27 38 9 53 72 
17 45 11 # 75 
17 60 31 # 66 
30 # 32 12 68 
24 56 34 10 71 
22 # # 4 73 
18 53 41 3 # 
NO WINNER
